======================================================================
EFS QUALITY-GATE VERIFICATION
======================================================================

[1] File existence
  ✓ employer_features.parquet exists 
  ✓ employer_friendliness_scores.parquet exists 

[2] Structural checks
  ✓ features has column "employer_id" 
  ✓ features has column "scope" 
  ✓ features has column "n_12m" 
  ✓ features has column "n_24m" 
  ✓ features has column "n_36m" 
  ✓ features has column "approval_rate_12m" 
  ✓ features has column "approval_rate_24m" 
  ✓ features has column "approval_rate_36m" 
  ✓ scores has column "employer_id" 
  ✓ scores has column "scope" 
  ✓ scores has column "efs" 
  ✓ scores has column "efs_tier" 
  ✓ scores has column "outcome_subscore" 
  ✓ scores has column "wage_subscore" 
  ✓ scores has column "sustainability_subscore" 
  ✓ features non-empty (70,206 rows)
  ✓ scores non-empty (70,206 rows)
  ✓ features row count = scores row count (feat=70,206, scores=70,206)

[3] Scope checks
  ✓ has "overall" scope in features (67,694)
  ✓ has "overall" scope in scores (67,694)
  ✓ SOC slices present (if expected) (2,512 SOC-level rows)

[4] Value range checks
  ✓ EFS min ≥ 0 (min=10.0)
  ✓ EFS max ≤ 100 (max=94.7)
  ✓ outcome_subscore [0,100] (range=[3.6, 99.8])
  ✓ wage_subscore [0,100] (range=[0.0, 100.0])
  ✓ sustainability_subscore [0,100] (range=[11.0, 81.0])

[5] Tier distribution
  ✓ all tiers are known labels (found: {'Poor', 'Good', 'Below Average', 'Excellent', 'Moderate', 'Unrated'})
  ✓ no single tier >90% (max tier pct=79.7%)

[6] Coverage checks
  ✓ ≥10% of overall employers have valid EFS (17.4%)
  ✓ wage_ratio coverage ≥10% (99.9%)

[7] Eligibility guardrails
  ✓ n_24m<3 → EFS is NULL (55,926 rows checked)

[8] Eligibility audit (n_24m<15 OR n_36m<30)
  ✓ strict eligibility (n_24m<3 scored) = 0 (0 violations)
  INFO: borderline scored (n_24m<15 OR n_36m<30): 12,277 rows

[9] Range audit — quantiles
  p01: 10.0
  p05: 53.0
  p10: 57.3
  p25: 64.3
  p50: 72.2
  p75: 78.2
  p90: 81.7
  p95: 84.4
  p99: 87.7
  ✓ all non-null EFS in [0,100] (min=10.00, max=94.70)

[10] Correlation: efs vs approval_rate_24m (bootstrap 95% CI)
  Pearson r = 0.5882  95% CI [0.5647, 0.6123]  n=14,280
  ✓ positive correlation efs↔approval_rate_24m (r=0.5882)

[11] Wage-decile effect (wage_ratio_med → mean efs)
  D 1: mean_efs=53.5  n=1427
  D 2: mean_efs=60.3  n=1427
  D 3: mean_efs=64.0  n=1426
  D 4: mean_efs=66.8  n=1427
  D 5: mean_efs=70.1  n=1426
  D 6: mean_efs=73.0  n=1427
  D 7: mean_efs=75.5  n=1426
  D 8: mean_efs=77.2  n=1427
  D 9: mean_efs=79.7  n=1426
  D10: mean_efs=81.1  n=1427
  ✓ wage decile 10 mean efs ≥ decile 1 − 2pts (D1=53.5, D10=81.1)

[12] Coverage — detailed
  Overall employers scored: 11,768 / 67,694 (17.4%)
  SOC slices (n_24m≥10) scored: 2,512 / 2,512 (100.0%)
  ✓ SOC slices with n_24m≥10 all scored (100.0%)

[13] Top residuals (manual review candidates)

  Low EFS despite high approval_rate_24m:
    06dc9e13d5f6                         efs=50.4  approval=100.00%  n_24m=3  residual=-2.07
    Pinnacle Education Services          efs=50.4  approval=100.00%  n_24m=3  residual=-2.07
    26f03f139162                         efs=50.4  approval=100.00%  n_24m=3  residual=-2.07
    3155ecb01525                         efs=50.4  approval=100.00%  n_24m=3  residual=-2.07
    32a6d4f664f0                         efs=50.4  approval=100.00%  n_24m=3  residual=-2.07

  High EFS despite low approval_rate_24m:
    Perfect 85 Degrees C                 efs=76.0  approval=20.00%  n_24m=5  residual=4.28
    Quanteam North America               efs=74.6  approval=20.00%  n_24m=5  residual=4.16
    Grmorales Contractor                 efs=68.8  approval=11.11%  n_24m=9  residual=4.16
    Teresita E Lim And Fidelio L Lim     efs=74.0  approval=20.00%  n_24m=5  residual=4.11
    45081607cf88                         efs=74.0  approval=20.00%  n_24m=5  residual=4.11

======================================================================
VERIFICATION SUMMARY: 38/38 gates passed, 0 failed
======================================================================
Status: PASS