======================================================================
EMPLOYER FEATURES BUILD
======================================================================

[A] Loading curated tables
  fact_perm: 1,716,989 rows
  dim_employer: 261,193 rows
  fact_oews: 446,432 rows
  dim_area: 587 rows

[A2] Loading LCA data (H-1B filings)
  fact_lca: 9,558,695 rows

[A3] Loading H-1B Employer Hub
  fact_h1b_employer_hub: 729,865 rows

[B] Preparing PERM data
  Anchor date: 2026-03-31 (max decision_date)
  Rows in last 36 months: 381,491
  SOC code normalised: [7.] → 7 chars for OEWS match
  PERM wage outlier cap [$5K–$1M]: nulled 471 of 381,297 wages

[C] Building OEWS wage lookup
  OEWS ref_year: 2024, rows: 223,216
  OEWS area-level rows: 219,344, national SOC rows: 816
  Cross-SOC national fallback median: $56,545

[C2] Preparing LCA features by employer
  LCA wage outlier cap [$5K–$1M]: nulled 4,135 of 1,683,818 wages
  LCA employer features: 115,229 employers

[C3] Computing H1B Hub retention features by employer
  H1B Hub name match: 57,423/729,865 (7.9%)
  H1B Hub features: 18,073 employers

[D] Computing features
  Processed 5,000/70,503 employers
  Processed 10,000/70,503 employers
  Processed 15,000/70,503 employers
  Processed 20,000/70,503 employers
  Processed 25,000/70,503 employers
  Processed 30,000/70,503 employers
  Processed 35,000/70,503 employers
  Processed 40,000/70,503 employers
  Processed 45,000/70,503 employers
  Processed 50,000/70,503 employers
  Processed 55,000/70,503 employers
  Processed 60,000/70,503 employers
  Processed 65,000/70,503 employers
  Processed 70,000/70,503 employers
  Total feature rows: 73,295 (70,503 employers)

[E] Merging H1B Hub retention features
  H1B Hub joined: 6,099/73,295 feature rows matched

[F] Writing employer_features.parquet
  Written: artifacts/tables/employer_features.parquet (73,295 rows)

  Overall rows: 70,503
  SOC-specific rows: 2,792
  wage_ratio_med null: 0.2%
  lca_filings_36m fill: 44.8%
  h1b_hub fill: 8.2%
  Warnings: 0