============================================================
PRESENTATION & SNAPSHOT ARTIFACTS
Started: 2026-07-29 13:48:16
============================================================

============================================================
SECTION 1: Visa Bulletin Presentation + Snapshot
============================================================
  Leaves found: 173
  fact_cutoffs_all.parquet up-to-date (8,335 rows) – skipping rebuild
  snapshot → artifacts/tables/fact_cutoffs/_snapshot.json
  PASS: fact_cutoffs presentation 8,335 rows

============================================================
SECTION 2: PERM Presentation + Snapshot
============================================================
  Partition files: 19
  Total rows: 1,716,989
  snapshot → artifacts/tables/fact_perm/_snapshot.json
  Building fact_perm_all.parquet (concat of partitions) …
  Written: artifacts/tables/fact_perm_all.parquet (1,716,989 rows)

============================================================
SECTION 3: LCA Presentation + Snapshot
============================================================
  Partition files: 19
  Total rows: 9,558,695
  snapshot → artifacts/tables/fact_lca/_snapshot.json
  Skipping fact_lca_all.parquet (large; pass --lca-all to generate)

============================================================
SECTION 4: OEWS Snapshot
============================================================
  Partition files: 2
  snapshot → artifacts/tables/fact_oews/_snapshot.json
  Total rows: 446,432

============================================================
DONE
Elapsed: 1.5s
Summary: artifacts/metrics/presentations_and_snapshots.json
============================================================